
> raxwo-client@1.0.0 build
> vite build

[36mvite v5.4.21 [32mbuilding for production...[36m[39m
transforming...
[32mΓ£ô[39m 2781 modules transformed.
node.exe : [31mx[39m Build failed in 21.15s
At C:\Program Files\nodejs\npm.ps1:29 char:3
+   & $NODE_EXE $NPM_CLI_JS $args
+   ~~~~~~~~~~~~~~~~~~~~~~~~~~~~~
    + CategoryInfo          : NotSpecified: ([31mx[39m Build failed in 21.15s:String) [], RemoteException
    + FullyQualifiedErrorId : NativeCommandError
 
[31merror during build:
[31msrc/pages/admin/SocialAnalytics.jsx (4:19): "SiLinkedin" is not exported by 
"node_modules/react-icons/si/index.mjs", imported by "src/pages/admin/SocialAnalytics.jsx".[31m
file: [36mC:/Users/ASUS/Desktop/raxwo/raxwo-mern/client/src/pages/admin/SocialAnalytics.jsx:4:19[31m
[33m
2: import { motion } from 'framer-motion';
3: import { FiFacebook, FiInstagram, FiYoutube, FiTrendingUp, FiUsers, FiVideo, FiHeart, FiBriefcase } from 
'react-icons...
4: import { SiTiktok, SiLinkedin } from 'react-icons/si';
                      ^
5: import {
6:   AreaChart, Area, XAxis, YAxis, CartesianGrid, Tooltip, ResponsiveContainer,
[31m
    at getRollupError 
(file:///C:/Users/ASUS/Desktop/raxwo/raxwo-mern/client/node_modules/rollup/dist/es/shared/parseAst.js:406:41)
    at error 
(file:///C:/Users/ASUS/Desktop/raxwo/raxwo-mern/client/node_modules/rollup/dist/es/shared/parseAst.js:402:42)
    at Module.error 
(file:///C:/Users/ASUS/Desktop/raxwo/raxwo-mern/client/node_modules/rollup/dist/es/shared/node-entry.js:17384:16)
    at Module.traceVariable 
(file:///C:/Users/ASUS/Desktop/raxwo/raxwo-mern/client/node_modules/rollup/dist/es/shared/node-entry.js:17817:29)
    at ModuleScope.findVariable 
(file:///C:/Users/ASUS/Desktop/raxwo/raxwo-mern/client/node_modules/rollup/dist/es/shared/node-entry.js:15407:39)
    at FunctionScope.findVariable 
(file:///C:/Users/ASUS/Desktop/raxwo/raxwo-mern/client/node_modules/rollup/dist/es/shared/node-entry.js:5676:38)
    at FunctionBodyScope.findVariable 
(file:///C:/Users/ASUS/Desktop/raxwo/raxwo-mern/client/node_modules/rollup/dist/es/shared/node-entry.js:5676:38)
    at Identifier.bind 
(file:///C:/Users/ASUS/Desktop/raxwo/raxwo-mern/client/node_modules/rollup/dist/es/shared/node-entry.js:5450:40)
    at Property.bind 
(file:///C:/Users/ASUS/Desktop/raxwo/raxwo-mern/client/node_modules/rollup/dist/es/shared/node-entry.js:2832:23)
    at ObjectExpression.bind 
(file:///C:/Users/ASUS/Desktop/raxwo/raxwo-mern/client/node_modules/rollup/dist/es/shared/node-entry.js:2828:28)[39m
